[www.edumilestones.com/career-library/How-to-become-a-Software-Engineer-in-India-Career-Guidance.html]
[www.edumilestones.com/career-library/How-to-make-a-career-in-Electronics-and-Communication-in-India-Career-Guidance.html]
[www.edumilestones.com/career-library/How-to-become-a-IT-Project-manager-in-India-Career-Guidance.html]
[www.edumilestones.com/career-library/How-to-become-a-Business-Analyst-IT-in-India-Career-Guidance.html]
[www.edumilestones.com/career-library/How-to-become-a-Ethical-Hacker-in-India-Career-Guidance.html]
[www.edumilestones.com/career-library/How-to-become-a-Block-chain-engineer-in-India-Career-Guidance.html]
[www.edumilestones.com/career-library/How-to-become-a-Artificial-Intelligence-(AI)-Engineer-in-India-Career-Guidance.html]
[www.edumilestones.com/career-library/How-to-make-a-career-in-Software-Testing-and-Quality-Assurance-in-India-Career-Guidance.html]
[www.edumilestones.com/career-library/How-to-become-a-Mobile-App-Developer-in-India-Career-Guidance.html]
[www.edumilestones.com/career-library/How-to-become-a-Data-Scientist-in-India-Career-Guidance.html]
[www.edumilestones.com/career-library/How-to-become-a-Video-game-Designer-in-India-Career-Guidance.html]
[www.edumilestones.com/career-library/How-to-become-a-Geologist-in-India-Career-Guidance.html]
[www.edumilestones.com/career-library/How-to-become-a-Agricultural-Scientist-in-India-Career-Guidance.html]
[www.edumilestones.com/career-library/How-to-become-a-Veterinary-Doctor-in-India-Career-Guidance.html]
[www.edumilestones.com/career-library/How-to-become-a-Environmental-Scientist-in-India-Career-Guidance.html]
[www.edumilestones.com/career-library/How-to-become-a-Food-scientist-in-India-Career-Guidance.html]
[www.edumilestones.com/career-library/How-to-make-a-career-in-Agri-Business-Management-in-India-Career-Guidance.html]
[www.edumilestones.com/career-library/How-to-become-a-Agriculture-Engineer-in-India-Career-Guidance.html]
[www.edumilestones.com/career-library/How-to-become-a-Forest-Officer-in-India-Career-Guidance.html]
[www.edumilestones.com/career-library/Should-I-to-become-a-Wildlife-Biologist-in-India-Career-Guidance-2022-23.html]
[www.edumilestones.com/career-library/How-to-make-a-career-in-Oceanography-in-India-Career-Guidance-2022-23.html]
[www.edumilestones.com/career-library/How-to-become-a-Dentist-in-India-Career-Guidance.html]
[www.edumilestones.com/career-library/How-to-become-a-Homeopathy-Doctor-in-India-Career-Guidance.html]
[www.edumilestones.com/career-library/How-to-become-a-Ayurvedic-doctor-in-India-Career-Guidance.html]
[www.edumilestones.com/career-library/How-to-become-a-Physiotherapist-in-India-Career-Guidance.html]
[www.edumilestones.com/career-library/How-to-become-a-Medical-Laboratory-Technician-in-India-Career-Guidance.html]
[www.edumilestones.com/career-library/How-to-become-a-medical-transcriptionist-in-India-Career-Guidance.html]
[www.edumilestones.com/career-library/How-to-become-a-Nurse-in-India-Career-Guidance.html]
[www.edumilestones.com/career-library/How-to-become-a-Pharmacist-in-India-Career-Guidance.html]
[www.edumilestones.com/career-library/How-to-become-a-Dietician-in-India-Career-Guidance.html]
[www.edumilestones.com/career-library/How-to-become-a-Optometrist-in-India-Career-Guidance.html]
[www.edumilestones.com/career-library/How-to-become-a-Audiologist-in-India-Career-Guidance.html]
[www.edumilestones.com/career-library/How-to-become-a-Doctor-in-India-Career-Guidance.html]
[www.edumilestones.com/career-library/How-to-become-a-Operation-Theatre-Technologist-in-India-Career-Guidance.html]
[www.edumilestones.com/career-library/How-to-make-a-career-in-Hospital-Management-in-India-Career-Guidance.html]
[www.edumilestones.com/career-library/How-to-become-a-Radiology-Technician-in-India-Career-Guidance.html]
[www.edumilestones.com/career-library/How-to-become-a-public-healthcare-administration-in-India-Career-Guidance.html]
[www.edumilestones.com/career-library/How-to-become-a-Biomedical-Engineer-in-India-Career-Guidance.html]
[www.edumilestones.com/career-library/How-to-become-a-Engineer-in-India-Career-Guidance.html]
[www.edumilestones.com/career-library/How-to-become-a-astronomer-in-India-Career-Guidance.html]
[www.edumilestones.com/career-library/How-to-become-a-Robotics-Engineer-in-India-Career-Guidance.html]
[www.edumilestones.com/career-library/How-to-make-a-career-in-Internet-of-Things-(IOT)-in-India-Career-Guidance.html]
[www.edumilestones.com/career-library/How-to-become-a-Nanotechnologist-in-India-Career-Guidance.html]
[www.edumilestones.com/career-library/How-to-become-a-GIS-Expert-in-India-Career-Guidance.html]
[www.edumilestones.com/career-library/How-to-become-a-Chemical-Engineer-in-India-Career-Guidance.html]
[www.edumilestones.com/career-library/How-to-make-a-career-in-Fashion-Technology-in-India-Career-Guidance.html]
[www.edumilestones.com/career-library/How-to-make-a-career-in-Dairy-Technology-in-India-Career-Guidance-2022-23.html]
[www.edumilestones.com/career-library/How-to-become-a-statistician-in-India-Career-Guidance.html]
[www.edumilestones.com/career-library/How-to-make-a-career-in-Clinical-research-in-India-Career-Guidance.html]
[www.edumilestones.com/career-library/How-to-become-a-Fisheries-Biologist-in-India-Career-Guidance.html]
[www.edumilestones.com/career-library/How-to-make-a-career-in-Genetics-in-India-Career-Guidance.html]
[www.edumilestones.com/career-library/How-to-become-a-Biochemist-in-India-Career-Guidance.html]
[www.edumilestones.com/career-library/How-to-become-a-Microbiologist-in-India-Career-Guidance.html]
[www.edumilestones.com/career-library/How-to-become-a-Archaeologist-in-India-Career-Guidance.html]
[www.edumilestones.com/career-library/How-to-become-a-biotechnologist-in-India-Career-Guidance.html]
[www.edumilestones.com/career-library/How-to-make-a-career-in-Bioinformatics-in-India-Career-Guidance.html]
[www.edumilestones.com/career-library/Should-I-to-become-a-physiologist-in-India-Career-Guidance-2022-23.html]
[www.edumilestones.com/career-library/How-to-become-a-Civil-Engineer-in-India-Career-Guidance.html]
[www.edumilestones.com/career-library/How-to-become-a-Architect-in-India-Career-Guidance.html]
[www.edumilestones.com/career-library/How-to-make-a-career-in-Construction-Management-in-India-Career-Guidance.html]
[www.edumilestones.com/career-library/How-to-become-a-Landscape-Architect-in-India-Career-Guidance.html]
[www.edumilestones.com/career-library/Should-I-to-become-a-urban-planner-in-India-Career-Guidance-2022-23.html]
[backblue.gif]
[fade.gif]
[index.html]
[www.edumilestones.com/career-library/index.html]
[www.edumilestones.com/careerpedia/style.css]
[www.edumilestones.com/career-library/all/index.html]
[maxcdn.bootstrapcdn.com/bootstrap/3.4.0/css/bootstrap.min.css]
[ajax.googleapis.com/ajax/libs/jquery/3.3.1/jquery.min.js]
[maxcdn.bootstrapcdn.com/bootstrap/3.4.0/js/bootstrap.min.js]
[use.fontawesome.com/releases/v5.8.1/css/all.css]
[www.edumilestones.com/blog/images/favicon.png]
[connect.facebook.net/en_GB/sdk.js]
[connect.facebook.net/en_US/fbevents.js]
[www.edumilestones.com/__tracker.js]
[www.edumilestones.com/universal_header.css]
[www.edumilestones.com/edumilestones-logo.png]
[translate.google.com/translate_a/elementa0d8.js]
[www.edumilestones.com/career-library/images/programming.png]
[www.edumilestones.com/career-library/speedometer.png]
[www.edumilestones.com/career-library/images/hardware-netword.png]
[www.edumilestones.com/career-library/images/project-mgt.png]
[www.edumilestones.com/career-library/images/business-analyst-it.png]
[www.edumilestones.com/career-library/images/ethical-hacking.png]
[www.edumilestones.com/career-library/images/blockchain.png]
[www.edumilestones.com/career-library/images/ai.png]
[www.edumilestones.com/career-library/images/software-testing.png]
[www.edumilestones.com/career-library/images/mobile-app.png]
[www.edumilestones.com/career-library/images/big-data.png]
[www.edumilestones.com/career-library/images/video-game.png]
[www.edumilestones.com/universal_footer.css]
[www.edumilestones.com/footeredu.png]
[www.edumilestones.com/career-library/How-to-become-a-Fashion-Designer-in-India-Career-Guidance.html]
[www.edumilestones.com/career-library/How-to-become-a-Interior-Designer-in-India-Career-Guidance.html]
[www.edumilestones.com/career-library/How-to-become-a-Graphical-Designer-in-India-Career-Guidance.html]
[www.edumilestones.com/career-library/How-to-become-a-Counselling-Psychologist-in-India-Career-Guidance.html]
[www.edumilestones.com/career-library/How-to-become-a-Business-Data-Analyst-in-India-Career-Guidance.html]
[www.edumilestones.com/career-library/How-to-make-a-career-in-BPO-in-India-Career-Guidance.html]
[www.edumilestones.com/career-library/How-to-become-a-School-Teacher-in-India-Career-Guidance.html]
[www.edumilestones.com/career-library/How-to-become-a-Marketer-in-India-Career-Guidance.html]
[www.edumilestones.com/career-library/How-to-make-a-career-in-Travel-and-Tourism-in-India-Career-Guidance.html]
[www.edumilestones.com/career-library/How-to-make-a-career-in-Hotel-Management-in-India-Career-Guidance.html]
[www.edumilestones.com/career-library/How-to-become-a-Lawyer-in-India-Career-Guidance.html]
[www.edumilestones.com/career-library/How-to-become-a-Indian-Air-Force-Officer-in-India-Career-Guidance.html]
[www.edumilestones.com/career-library/How-to-become-a-Software-Engineer-in-India-Career-Guidance.html]
[www.edumilestones.com/career-library/How-to-make-a-career-in-Electronics-and-Communication-in-India-Career-Guidance.html]
[www.edumilestones.com/career-library/How-to-become-a-IT-Project-manager-in-India-Career-Guidance.html]
[www.edumilestones.com/career-library/How-to-become-a-Business-Analyst-IT-in-India-Career-Guidance.html]
[www.edumilestones.com/career-library/How-to-become-a-Ethical-Hacker-in-India-Career-Guidance.html]
[www.edumilestones.com/career-library/How-to-become-a-Block-chain-engineer-in-India-Career-Guidance.html]
[www.edumilestones.com/career-library/How-to-become-a-Artificial-Intelligence-(AI)-Engineer-in-India-Career-Guidance.html]
[www.edumilestones.com/career-library/How-to-make-a-career-in-Software-Testing-and-Quality-Assurance-in-India-Career-Guidance.html]
[www.edumilestones.com/career-library/How-to-become-a-Mobile-App-Developer-in-India-Career-Guidance.html]
[www.edumilestones.com/career-library/How-to-become-a-Data-Scientist-in-India-Career-Guidance.html]
[www.edumilestones.com/career-library/How-to-become-a-Video-game-Designer-in-India-Career-Guidance.html]
[www.edumilestones.com/career-library/images/geology.png]
[www.edumilestones.com/career-library/images/agriculture-research.png]
[www.edumilestones.com/career-library/images/animal-science.png]
[www.edumilestones.com/career-library/images/environment-natural-resource.png]
[www.edumilestones.com/career-library/images/food-processing.png]
[www.edumilestones.com/career-library/images/agri-business.png]
[www.edumilestones.com/career-library/images/agriculture-engineer.png]
[www.edumilestones.com/career-library/images/forest-officer.png]
[www.edumilestones.com/career-library/images/wildlife-biologist.png]
[www.edumilestones.com/career-library/images/oceaongraphy.png]
[www.edumilestones.com/career-library/How-to-become-a-Geologist-in-India-Career-Guidance.html]
[www.edumilestones.com/career-library/How-to-become-a-Agricultural-Scientist-in-India-Career-Guidance.html]
[www.edumilestones.com/career-library/How-to-become-a-Veterinary-Doctor-in-India-Career-Guidance.html]
[www.edumilestones.com/career-library/How-to-become-a-Environmental-Scientist-in-India-Career-Guidance.html]
[www.edumilestones.com/career-library/How-to-become-a-Food-scientist-in-India-Career-Guidance.html]
[www.edumilestones.com/career-library/How-to-make-a-career-in-Agri-Business-Management-in-India-Career-Guidance.html]
[www.edumilestones.com/career-library/How-to-become-a-Agriculture-Engineer-in-India-Career-Guidance.html]
[www.edumilestones.com/career-library/How-to-become-a-Forest-Officer-in-India-Career-Guidance.html]
[www.edumilestones.com/career-library/Should-I-to-become-a-Wildlife-Biologist-in-India-Career-Guidance-2022-23.html]
[www.edumilestones.com/career-library/How-to-make-a-career-in-Oceanography-in-India-Career-Guidance-2022-23.html]
[www.edumilestones.com/career-library/images/dentist.png]
[www.edumilestones.com/career-library/images/homeopathy.png]
[www.edumilestones.com/career-library/images/alternative-medicine.png]
[www.edumilestones.com/career-library/images/therapy-science.png]
[www.edumilestones.com/career-library/images/medical-diagnostic.png]
[www.edumilestones.com/career-library/images/medical-data-mgt.png]
[www.edumilestones.com/career-library/images/nurse.png]
[www.edumilestones.com/career-library/images/pharmacy.png]
[www.edumilestones.com/career-library/images/dietician.png]
[www.edumilestones.com/career-library/images/optometry.png]
[www.edumilestones.com/career-library/images/audiologist.png]
[www.edumilestones.com/career-library/images/physician.png]
[www.edumilestones.com/career-library/images/operation-theatre.png]
[www.edumilestones.com/career-library/images/hospital-mgt.png]
[www.edumilestones.com/career-library/images/medical-radiology.png]
[www.edumilestones.com/career-library/images/statistics.png]
[www.edumilestones.com/career-library/How-to-become-a-Dentist-in-India-Career-Guidance.html]
[www.edumilestones.com/career-library/How-to-become-a-Homeopathy-Doctor-in-India-Career-Guidance.html]
[www.edumilestones.com/career-library/How-to-become-a-Ayurvedic-doctor-in-India-Career-Guidance.html]
[www.edumilestones.com/career-library/How-to-become-a-Physiotherapist-in-India-Career-Guidance.html]
[www.edumilestones.com/career-library/How-to-become-a-Medical-Laboratory-Technician-in-India-Career-Guidance.html]
[www.edumilestones.com/career-library/How-to-become-a-medical-transcriptionist-in-India-Career-Guidance.html]
[www.edumilestones.com/career-library/How-to-become-a-Nurse-in-India-Career-Guidance.html]
[www.edumilestones.com/career-library/How-to-become-a-Pharmacist-in-India-Career-Guidance.html]
[www.edumilestones.com/career-library/How-to-become-a-Dietician-in-India-Career-Guidance.html]
[www.edumilestones.com/career-library/How-to-become-a-Optometrist-in-India-Career-Guidance.html]
[www.edumilestones.com/career-library/How-to-become-a-Audiologist-in-India-Career-Guidance.html]
[www.edumilestones.com/career-library/How-to-become-a-Doctor-in-India-Career-Guidance.html]
[www.edumilestones.com/career-library/How-to-become-a-Operation-Theatre-Technologist-in-India-Career-Guidance.html]
[www.edumilestones.com/career-library/How-to-make-a-career-in-Hospital-Management-in-India-Career-Guidance.html]
[www.edumilestones.com/career-library/How-to-become-a-Radiology-Technician-in-India-Career-Guidance.html]
[www.edumilestones.com/career-library/How-to-become-a-public-healthcare-administration-in-India-Career-Guidance.html]
[www.edumilestones.com/career-library/images/bio-medical.png]
[www.edumilestones.com/career-library/images/engineer.png]
[www.edumilestones.com/career-library/images/astronomy.png]
[www.edumilestones.com/career-library/images/robotics.png]
[www.edumilestones.com/career-library/images/iot.png]
[www.edumilestones.com/career-library/images/nanoscience.png]
[www.edumilestones.com/career-library/images/gis.png]
[www.edumilestones.com/career-library/images/chemical-engg.png]
[www.edumilestones.com/career-library/images/fashion-technology.png]
[www.edumilestones.com/career-library/images/dairy-technology.png]
[www.edumilestones.com/career-library/How-to-become-a-Biomedical-Engineer-in-India-Career-Guidance.html]
[www.edumilestones.com/career-library/How-to-become-a-Engineer-in-India-Career-Guidance.html]
[www.edumilestones.com/career-library/How-to-become-a-astronomer-in-India-Career-Guidance.html]
[www.edumilestones.com/career-library/How-to-become-a-Robotics-Engineer-in-India-Career-Guidance.html]
[www.edumilestones.com/career-library/How-to-make-a-career-in-Internet-of-Things-(IOT)-in-India-Career-Guidance.html]
[www.edumilestones.com/career-library/How-to-become-a-Nanotechnologist-in-India-Career-Guidance.html]
[www.edumilestones.com/career-library/How-to-become-a-GIS-Expert-in-India-Career-Guidance.html]
[www.edumilestones.com/career-library/How-to-become-a-Chemical-Engineer-in-India-Career-Guidance.html]
[www.edumilestones.com/career-library/How-to-make-a-career-in-Fashion-Technology-in-India-Career-Guidance.html]
[www.edumilestones.com/career-library/How-to-make-a-career-in-Dairy-Technology-in-India-Career-Guidance-2022-23.html]
[www.edumilestones.com/career-library/How-to-become-a-statistician-in-India-Career-Guidance.html]
[www.edumilestones.com/career-library/images/clinical-research.png]
[www.edumilestones.com/career-library/images/fishery.png]
[www.edumilestones.com/career-library/images/genetics.png]
[www.edumilestones.com/career-library/images/biochem.png]
[www.edumilestones.com/career-library/images/microbiology.png]
[www.edumilestones.com/career-library/images/archeologists.png]
[www.edumilestones.com/career-library/images/biotech.png]
[www.edumilestones.com/career-library/images/bioinformatics.png]
[www.edumilestones.com/career-library/images/physiology.png]
[www.edumilestones.com/career-library/How-to-make-a-career-in-Clinical-research-in-India-Career-Guidance.html]
[www.edumilestones.com/career-library/How-to-become-a-Fisheries-Biologist-in-India-Career-Guidance.html]
[www.edumilestones.com/career-library/How-to-make-a-career-in-Genetics-in-India-Career-Guidance.html]
[www.edumilestones.com/career-library/How-to-become-a-Biochemist-in-India-Career-Guidance.html]
[www.edumilestones.com/career-library/How-to-become-a-Microbiologist-in-India-Career-Guidance.html]
[www.edumilestones.com/career-library/How-to-become-a-Archaeologist-in-India-Career-Guidance.html]
[www.edumilestones.com/career-library/How-to-become-a-biotechnologist-in-India-Career-Guidance.html]
[www.edumilestones.com/career-library/How-to-make-a-career-in-Bioinformatics-in-India-Career-Guidance.html]
[www.edumilestones.com/career-library/Should-I-to-become-a-physiologist-in-India-Career-Guidance-2022-23.html]
[www.edumilestones.com/career-library/images/construction.png]
[www.edumilestones.com/career-library/images/architect.png]
[www.edumilestones.com/career-library/images/construction-mgt.png]
[www.edumilestones.com/career-library/images/landscape-design.png]
[www.edumilestones.com/career-library/images/urban-plan.png]
[www.edumilestones.com/career-library/How-to-become-a-Civil-Engineer-in-India-Career-Guidance.html]
[www.edumilestones.com/career-library/How-to-become-a-Architect-in-India-Career-Guidance.html]
[www.edumilestones.com/career-library/How-to-make-a-career-in-Construction-Management-in-India-Career-Guidance.html]
[www.edumilestones.com/career-library/How-to-become-a-Landscape-Architect-in-India-Career-Guidance.html]
[www.edumilestones.com/career-library/Should-I-to-become-a-urban-planner-in-India-Career-Guidance-2022-23.html]
[www.edumilestones.com/career-library/new-css.css]
[stackpath.bootstrapcdn.com/bootstrap/4.1.1/css/bootstrap.min.css]
[www.edumilestones.com/career-library/all/assets/css/style.css]
[www.edumilestones.com/career-library/images/fashion-design.png]
[www.edumilestones.com/career-library/images/interior-design.png]
[www.edumilestones.com/career-library/images/graphic.png]
[www.edumilestones.com/career-library/How-to-become-a-Performing-Artist-in-India-Career-Guidance.html]
[www.edumilestones.com/career-library/images/performing-arts.png]
[www.edumilestones.com/career-library/How-to-become-a-Journalist-in-India-Career-Guidance.html]
[www.edumilestones.com/career-library/images/editor-copywriter.png]
[www.edumilestones.com/career-library/How-to-become-a-Product-Designer-in-India-Career-Guidance.html]
[www.edumilestones.com/career-library/images/product-design.png]
[www.edumilestones.com/career-library/images/anthro-archaelogy-edumilestones.png]
[www.edumilestones.com/career-library/How-to-become-a-Anthropologist-in-India-Career-Guidance.html]
[www.edumilestones.com/career-library/How-to-make-a-career-in-Mass-Communication-in-India-Career-Guidance.html]
[www.edumilestones.com/career-library/images/masscom-journalism.png]
[www.edumilestones.com/career-library/images/photography.png]
[www.edumilestones.com/career-library/How-to-become-a-Photographer-in-India-Career-Guidance.html]
[www.edumilestones.com/career-library/images/multimedia-animation.png]
[www.edumilestones.com/career-library/How-to-become-a-Website-Designer-in-India-Career-Guidance.html]
[www.edumilestones.com/career-library/How-to-become-a-Animator-in-India-Career-Guidance.html]
[www.edumilestones.com/career-library/images/web-design.png]
[www.edumilestones.com/career-library/How-to-make-a-career-in-Foreign-Language-in-India-Career-Guidance.html]
[www.edumilestones.com/career-library/images/interpreter.png]
[www.edumilestones.com/career-library/How-to-make-a-career-in-Home-Science-in-India-Career-Guidance.html]
[www.edumilestones.com/career-library/images/home-science.png]
[www.edumilestones.com/career-library/How-to-make-a-career-in-International-Relations-in-India-Career-Guidance.html]
[www.edumilestones.com/career-library/images/Ir.png]
[www.edumilestones.com/career-library/How-to-become-a-Business-Operations-Manager-in-India-Career-Guidance.html]
[www.edumilestones.com/career-library/images/business-operations.png]
[www.edumilestones.com/career-library/images/business-analytics.png]
[www.edumilestones.com/career-library/How-to-become-a-Financial-Analyst-in-India-Career-Guidance.html]
[www.edumilestones.com/career-library/images/business-finance.png]
[www.edumilestones.com/career-library/images/marketing-edumilestones.png]
[www.edumilestones.com/career-library/How-to-become-a-Digital-Marketer-in-India-Career-Guidance.html]
[www.edumilestones.com/career-library/images/digital-marketing.png]
[www.edumilestones.com/career-library/How-to-make-a-career-in-Advertising-in-India-Career-Guidance.html]
[www.edumilestones.com/career-library/images/advertising-communication-edumilestones.png]
[www.edumilestones.com/career-library/How-to-become-a-Entreprenuer-in-India-Career-Guidance.html]
[www.edumilestones.com/career-library/images/entrepreneurship.png]
[www.edumilestones.com/career-library/How-to-become-a-Sales-Person-in-India-Career-Guidance.html]
[www.edumilestones.com/career-library/images/sales.png]
[www.edumilestones.com/career-library/images/travel.png]
[www.edumilestones.com/career-library/How-to-become-a-Airhostess-in-India-Career-Guidance.html]
[www.edumilestones.com/career-library/images/airhostess.png]
[www.edumilestones.com/career-library/How-to-become-a-Event-Planner-in-India-Career-Guidance.html]
[www.edumilestones.com/career-library/images/event-mgt.png]
[www.edumilestones.com/career-library/images/Hotel-management.png]
[www.edumilestones.com/career-library/How-to-become-a-Chef-in-India-Career-Guidance.html]
[www.edumilestones.com/career-library/images/culinary-artist.png]
[www.edumilestones.com/career-library/images/banking.png]
[www.edumilestones.com/career-library/How-to-become-a-Banker-in-India-Career-Guidance.html]
[www.edumilestones.com/career-library/images/charter-accountant.png]
[www.edumilestones.com/career-library/How-to-become-a-Chartered-Accountant-(CA)-in-India-Career-Guidance.html]
[www.edumilestones.com/career-library/How-to-become-a-Investment-Advisor-in-India-Career-Guidance.html]
[www.edumilestones.com/career-library/images/investement-plan.png]
[www.edumilestones.com/career-library/How-to-make-a-career-in-Actuarial-Science-in-India-Career-Guidance.html]
[www.edumilestones.com/career-library/images/actuarial-science.png]
[www.edumilestones.com/career-library/How-to-become-a-Company-Secretary-in-India-Career-Guidance.html]
[www.edumilestones.com/career-library/images/company-secretary.png]
[www.edumilestones.com/career-library/How-to-become-a-Economist-in-India-Career-Guidance.html]
[www.edumilestones.com/career-library/images/economics.png]
[www.edumilestones.com/career-library/How-to-become-a-Financial-software-developer-in-india-career-guidance.html]
[www.edumilestones.com/career-library/images/commerce-analytics.png]
[www.edumilestones.com/career-library/images/bpo.png]
[www.edumilestones.com/career-library/images/counselling-psychology.png]
[www.edumilestones.com/career-library/How-to-become-a-Sociologist-in-India-Career-Guidance.html]
[www.edumilestones.com/career-library/images/sociology.png]
[www.edumilestones.com/career-library/How-to-become-a-Mentor-and-Coach-in-India-Career-Guidance.html]
[www.edumilestones.com/career-library/images/mentor-coach.png]
[www.edumilestones.com/career-library/How-to-become-a-Clinical-Psychologist-in-India-Career-Guidance.html]
[www.edumilestones.com/career-library/images/clinical-psychology.png]
[www.edumilestones.com/career-library/How-to-become-a-HR-Professional-in-India-Career-Guidance.html]
[www.edumilestones.com/career-library/images/hr.png]
[www.edumilestones.com/career-library/How-to-become-a-Creative-Writer-in-India-Career-Guidance.html]
[www.edumilestones.com/career-library/images/creative-writer.png]
[www.edumilestones.com/career-library/images/school-teaching.png]
[www.edumilestones.com/career-library/How-to-become-a-Secondary-School-Teacher-in-India-Career-Guidance.html]
[www.edumilestones.com/career-library/images/secondary-teacher.png]
[www.edumilestones.com/career-library/How-to-become-a-Professor-in-India-Career-Guidance.html]
[www.edumilestones.com/career-library/images/professor.png]
[www.edumilestones.com/career-library/How-to-become-a-Technical-Trainer-in-India-Career-Guidance.html]
[www.edumilestones.com/career-library/images/technical-trainer.png]
[www.edumilestones.com/career-library/How-to-become-a-Corporate-Trainer-in-India-Career-Guidance.html]
[www.edumilestones.com/career-library/images/corporate-trainer.png]
[www.edumilestones.com/career-library/How-to-become-a-Librarian-in-India-Career-Guidance.html]
[www.edumilestones.com/career-library/images/librarian-education.png]
[www.edumilestones.com/career-library/How-to-make-a-career-in-Supply-Chain-Management-in-India-Career-Guidance.html]
[www.edumilestones.com/career-library/images/logistics.png]
[www.edumilestones.com/career-library/How-to-become-a-Commercial-Pilot-in-India-Career-Guidance.html]
[www.edumilestones.com/career-library/images/commercial-pilot.png]
[www.edumilestones.com/career-library/How-to-become-a-Aeronautical-engineer-in-India-Career-Guidance.html]
[www.edumilestones.com/career-library/images/aerospace-engineer.png]
[www.edumilestones.com/career-library/How-to-become-a-Merchant-Navy-Officer-in-India-Career-Guidance.html]
[www.edumilestones.com/career-library/images/merchant-navy.png]
[www.edumilestones.com/career-library/How-to-make-a-career-in-Aviation-Management-in-India-Career-Guidance.html]
[www.edumilestones.com/career-library/images/aviation-mgt.png]
[www.edumilestones.com/career-library/How-to-become-a-Air-traffic-controller-in-India-Career-Guidance.html]
[www.edumilestones.com/career-library/images/atc.png]
[www.edumilestones.com/career-library/How-to-become-a-Mechanical-Engineer-in-India-Career-Guidance.html]
[www.edumilestones.com/career-library/images/manufacturing.png]
[www.edumilestones.com/career-library/How-to-make-a-career-in-Industrial-Engineering-and-Management-in-India-Career-Guidance.html]
[www.edumilestones.com/career-library/images/quality-control.png]
[www.edumilestones.com/career-library/How-to-become-a-Industrial-Designer-in-India-Career-Guidance.html]
[www.edumilestones.com/career-library/images/industrial-design.png]
[www.edumilestones.com/career-library/images/legal-service.png]
[www.edumilestones.com/career-library/How-to-become-a-Forensic-Scientist-in-India-Career-Guidance.html]
[www.edumilestones.com/career-library/images/forensic-science.png]
[www.edumilestones.com/career-library/How-to-become-a-Indian-Navy-Officer-in-India-Career-Guidance.html]
[www.edumilestones.com/career-library/images/indian-navy.png]
[www.edumilestones.com/career-library/How-to-become-a-Indian-Army-Officer-in-India-Career-Guidance.html]
[www.edumilestones.com/career-library/images/indian-army.png]
[www.edumilestones.com/career-library/images/indian-air-force.png]
[www.edumilestones.com/career-library/How-to-make-a-career-in-Disaster-Management-in-India-Career-Guidance.html]
[www.edumilestones.com/career-library/images/disaster-mgt.png]
[www.edumilestones.com/career-library/How-to-become-a-Cost-Accountant-in-India-Career-Guidance.html]
[www.edumilestones.com/career-library/images/cost-accountant.png]
[www.edumilestones.com/career-library/How-to-become-a-Sports-person-in-India-Career-Guidance.html]
[www.edumilestones.com/career-library/images/sports-person.png]
[www.edumilestones.com/career-library/How-to-become-a-Physical-trainer-in-India-Career-Guidance.html]
[www.edumilestones.com/career-library/images/trainer.png]
[www.edumilestones.com/career-library/How-to-make-a-career-in-Sports-Management-in-India-Career-Guidance.html]
[www.edumilestones.com/career-library/images/sports-admin-service.png]
[www.edumilestones.com/career-library/How-to-become-a-IAS-officer-UPSC-Civil-services-Career-Guidance.html]
[www.edumilestones.com/career-library/images/civil-admin-service.png]
[www.edumilestones.com/career-library/How-to-make-a-career-in-Staff-Selection-Commission-(SSC)-in-India-Career-Guidance.html]
[www.edumilestones.com/career-library/images/ssc.png]
[www.edumilestones.com/career-library/How-to-make-a-career-in-Indian-Economic-Services-(IES)-in-India-Career-Guidance.html]
[www.edumilestones.com/career-library/images/ies.png]
[www.edumilestones.com/career-library/How-to-become-a-Accessory-Designer-in-India-Career-Guidance.html]
[www.edumilestones.com/career-library/images/accessory.png]
[www.edumilestones.com/career-library/How-to-become-a-Beautician-or-Cosmetologist-in-India-Career-Guidance.html]
[www.edumilestones.com/career-library/images/cosmetology.png]
[www.edumilestones.com/career-library/images/fine-arts.png]
[www.edumilestones.com/career-library/How-to-become-a-Fine-Artist-in-India-Career-Guidance.html]
[www.edumilestones.com/career-library/images/pr.png]
[www.edumilestones.com/career-library/How-to-become-a-Public-relations-officer-in-India-Career-Guidance.html]
[www.edumilestones.com/career-library/How-to-become-a-Project-Manager-in-India-Career-Guidance.html]
[www.edumilestones.com/career-library/How-to-make-a-career-in-Bussiness-Management-IT-in-India-Career-Guidance.html]
[www.edumilestones.com/career-library/images/business-mgt.png]
[www.edumilestones.com/career-library/How-to-make-a-career-in-Foreign-Trade-in-India-Career-Guidance.html]
[www.edumilestones.com/career-library/images/interanational-business.png]
[www.edumilestones.com/career-library/How-to-become-a-Wedding-Planner-in-India-Career-Guidance.html]
[www.edumilestones.com/career-library/images/hot-air-balloon.png]
[www.edumilestones.com/career-library/How-to-become-a-Sports-Physiotherapist-in-India-Career-Guidance.html]
[www.edumilestones.com/career-library/images/sports-physio.png]
[www.edumilestones.com/career-library/How-to-become-a-IPS-officer-in-India-Career-Guidance.html]
[www.edumilestones.com/career-library/images/law-enforce.png]
[www.edumilestones.com/career-library/How-to-become-a-Automotive-Engineer-in-India-Career-Guidance.html]
[www.edumilestones.com/career-library/images/automotive-design.png]
[www.edumilestones.com/career-library/How-to-become-a-Geographer-in-India-Career-Guidance.html]
[www.edumilestones.com/career-library/images/geography.png]
[www.edumilestones.com/career-library/How-to-make-a-career-in-Liberal-Arts-in-India-Career-Guidance.html]
[www.edumilestones.com/career-library/images/Liberal-Arts.png]
[www.edumilestones.com/career-library/How-to-become-a-Retail-Manager-in-India-Career-Guidance.html]
[www.edumilestones.com/career-library/images/retail-mgt.png]
[www.edumilestones.com/career-library/How-to-become-a-Visual-merchandiser-in-India-Career-Guidance.html]
[www.edumilestones.com/career-library/images/visual-mechandising.png]
[www.edumilestones.com/career-library/How-to-become-a-Sound-Engineer-in-India-Career-Guidance.html]
[www.edumilestones.com/career-library/images/sound-engineering.png]
[www.edumilestones.com/career-library/How-to-make-a-career-in-Fashion-Management-in-India-Career-Guidance-2022-23.html]
[www.edumilestones.com/career-library/images/fashion-management.png]
[www.edumilestones.com/career-library/Should-I-to-become-a-Image-consultant-in-India-Career-Guidance-2022-23.html]
[www.edumilestones.com/career-library/images/image-consultant.png]
[www.edumilestones.com/career-library/Should-I-to-become-a-Politician-in-India-Career-Guidance-2022-23.html]
[www.edumilestones.com/career-library/images/political-science.png]
[www.edumilestones.com/career-library/Should-I-to-become-a-You-tuber-in-India-Career-Guidance-2022-23.html]
[www.edumilestones.com/career-library/images/youtuber.png]
[www.edumilestones.com/career-library/How-to-become-a-Financial-Data-Analyst-in-India-Career-Guidance.html]
[www.edumilestones.com/career-library/How-to-Become-a-Financial-Risk-Manager-in-India-Career-Guidance.html]
[www.edumilestones.com/career-library/all/assets/js/main.js]
[www.edumilestones.com/chatbot/chatbot.css]
[use.fontawesome.com/releases/v5.8.2/css/all.css]
[www.edumilestones.com/chatbot-icons/chatbot.gif]
[www.edumilestones.com/chatbot/chatbot.js]
[www.edumilestones.com/career-library/all/index.html]
[www.edumilestones.com/careerpedia/style.css]
[maxcdn.bootstrapcdn.com/bootstrap/3.4.0/css/bootstrap.min.css]
[use.fontawesome.com/releases/v5.8.1/css/all.css]
[connect.facebook.net/en_GB/sdk.js]
[www.googletagmanager.com/gtm5445.html]
[connect.facebook.net/en_US/fbevents.js]
[www.edumilestones.com/universal_header.css]
[www.edumilestones.com/universal_footer.css]
[www.edumilestones.com/career-library/How-to-become-a-Fashion-Designer-in-India-Career-Guidance.html]
[www.edumilestones.com/career-library/How-to-become-a-Interior-Designer-in-India-Career-Guidance.html]
[www.edumilestones.com/career-library/How-to-become-a-Graphical-Designer-in-India-Career-Guidance.html]
[www.edumilestones.com/career-library/How-to-become-a-Counselling-Psychologist-in-India-Career-Guidance.html]
[www.edumilestones.com/career-library/How-to-become-a-Business-Data-Analyst-in-India-Career-Guidance.html]
[www.edumilestones.com/career-library/How-to-make-a-career-in-BPO-in-India-Career-Guidance.html]
[www.edumilestones.com/career-library/How-to-become-a-School-Teacher-in-India-Career-Guidance.html]
[www.edumilestones.com/career-library/How-to-become-a-Marketer-in-India-Career-Guidance.html]
[www.edumilestones.com/career-library/How-to-make-a-career-in-Travel-and-Tourism-in-India-Career-Guidance.html]
[www.edumilestones.com/career-library/How-to-make-a-career-in-Hotel-Management-in-India-Career-Guidance.html]
[www.edumilestones.com/career-library/How-to-become-a-Lawyer-in-India-Career-Guidance.html]
[www.edumilestones.com/career-library/How-to-become-a-Indian-Air-Force-Officer-in-India-Career-Guidance.html]
[www.edumilestones.com/career-library/new-css.css]
[stackpath.bootstrapcdn.com/bootstrap/4.1.1/css/bootstrap.min.css]
[www.edumilestones.com/career-library/all/assets/images/banner.jpg]
[www.edumilestones.com/career-library/all/assets/css/style.css]
[www.edumilestones.com/career-library/How-to-become-a-Performing-Artist-in-India-Career-Guidance.html]
[www.edumilestones.com/career-library/How-to-become-a-Journalist-in-India-Career-Guidance.html]
[www.edumilestones.com/career-library/How-to-become-a-Product-Designer-in-India-Career-Guidance.html]
[www.edumilestones.com/career-library/How-to-become-a-Anthropologist-in-India-Career-Guidance.html]
[www.edumilestones.com/career-library/How-to-make-a-career-in-Mass-Communication-in-India-Career-Guidance.html]
[www.edumilestones.com/career-library/How-to-become-a-Photographer-in-India-Career-Guidance.html]
[www.edumilestones.com/career-library/How-to-become-a-Animator-in-India-Career-Guidance.html]
[www.edumilestones.com/career-library/How-to-become-a-Website-Designer-in-India-Career-Guidance.html]
[www.edumilestones.com/career-library/How-to-make-a-career-in-Foreign-Language-in-India-Career-Guidance.html]
[www.edumilestones.com/career-library/How-to-make-a-career-in-Home-Science-in-India-Career-Guidance.html]
[www.edumilestones.com/career-library/How-to-make-a-career-in-International-Relations-in-India-Career-Guidance.html]
[www.edumilestones.com/career-library/How-to-become-a-Business-Operations-Manager-in-India-Career-Guidance.html]
[www.edumilestones.com/career-library/How-to-become-a-Financial-Analyst-in-India-Career-Guidance.html]
[www.edumilestones.com/career-library/How-to-become-a-Digital-Marketer-in-India-Career-Guidance.html]
[www.edumilestones.com/career-library/How-to-make-a-career-in-Advertising-in-India-Career-Guidance.html]
[www.edumilestones.com/career-library/How-to-become-a-Entreprenuer-in-India-Career-Guidance.html]
[www.edumilestones.com/career-library/How-to-become-a-Sales-Person-in-India-Career-Guidance.html]
[www.edumilestones.com/career-library/How-to-become-a-Airhostess-in-India-Career-Guidance.html]
[www.edumilestones.com/career-library/How-to-become-a-Event-Planner-in-India-Career-Guidance.html]
[www.edumilestones.com/career-library/How-to-become-a-Chef-in-India-Career-Guidance.html]
[www.edumilestones.com/career-library/images/CS.png]
[www.edumilestones.com/career-library/How-to-become-a-Banker-in-India-Career-Guidance.html]
[www.edumilestones.com/career-library/How-to-become-a-Chartered-Accountant-(CA)-in-India-Career-Guidance.html]
[www.edumilestones.com/career-library/How-to-become-a-Investment-Advisor-in-India-Career-Guidance.html]
[www.edumilestones.com/career-library/How-to-make-a-career-in-Actuarial-Science-in-India-Career-Guidance.html]
[www.edumilestones.com/career-library/How-to-become-a-Company-Secretary-in-India-Career-Guidance.html]
[www.edumilestones.com/career-library/How-to-become-a-Economist-in-India-Career-Guidance.html]
[www.edumilestones.com/career-library/How-to-become-a-Financial-software-developer-in-india-career-guidance.html]
[www.edumilestones.com/career-library/How-to-become-a-Sociologist-in-India-Career-Guidance.html]
[www.edumilestones.com/career-library/How-to-become-a-Mentor-and-Coach-in-India-Career-Guidance.html]
[www.edumilestones.com/career-library/How-to-become-a-Clinical-Psychologist-in-India-Career-Guidance.html]
[www.edumilestones.com/career-library/How-to-become-a-HR-Professional-in-India-Career-Guidance.html]
[www.edumilestones.com/career-library/How-to-become-a-Creative-Writer-in-India-Career-Guidance.html]
[www.edumilestones.com/career-library/How-to-become-a-Secondary-School-Teacher-in-India-Career-Guidance.html]
[www.edumilestones.com/career-library/How-to-become-a-Professor-in-India-Career-Guidance.html]
[www.edumilestones.com/career-library/How-to-become-a-Technical-Trainer-in-India-Career-Guidance.html]
[www.edumilestones.com/career-library/How-to-become-a-Corporate-Trainer-in-India-Career-Guidance.html]
[www.edumilestones.com/career-library/How-to-become-a-Librarian-in-India-Career-Guidance.html]
[www.edumilestones.com/career-library/How-to-make-a-career-in-Supply-Chain-Management-in-India-Career-Guidance.html]
[www.edumilestones.com/career-library/How-to-become-a-Commercial-Pilot-in-India-Career-Guidance.html]
[www.edumilestones.com/career-library/How-to-become-a-Aeronautical-engineer-in-India-Career-Guidance.html]
[www.edumilestones.com/career-library/How-to-become-a-Merchant-Navy-Officer-in-India-Career-Guidance.html]
[www.edumilestones.com/career-library/How-to-make-a-career-in-Aviation-Management-in-India-Career-Guidance.html]
[www.edumilestones.com/career-library/How-to-become-a-Air-traffic-controller-in-India-Career-Guidance.html]
[www.edumilestones.com/career-library/How-to-become-a-Mechanical-Engineer-in-India-Career-Guidance.html]
[www.edumilestones.com/career-library/How-to-make-a-career-in-Industrial-Engineering-and-Management-in-India-Career-Guidance.html]
[www.edumilestones.com/career-library/How-to-become-a-Industrial-Designer-in-India-Career-Guidance.html]
[www.edumilestones.com/career-library/How-to-become-a-Forensic-Scientist-in-India-Career-Guidance.html]
[www.edumilestones.com/career-library/How-to-become-a-Indian-Navy-Officer-in-India-Career-Guidance.html]
[www.edumilestones.com/career-library/How-to-become-a-Indian-Army-Officer-in-India-Career-Guidance.html]
[www.edumilestones.com/career-library/How-to-make-a-career-in-Disaster-Management-in-India-Career-Guidance.html]
[www.edumilestones.com/career-library/How-to-become-a-Cost-Accountant-in-India-Career-Guidance.html]
[www.edumilestones.com/career-library/How-to-become-a-Sports-person-in-India-Career-Guidance.html]
[www.edumilestones.com/career-library/How-to-become-a-Physical-trainer-in-India-Career-Guidance.html]
[www.edumilestones.com/career-library/How-to-make-a-career-in-Sports-Management-in-India-Career-Guidance.html]
[www.edumilestones.com/career-library/How-to-become-a-IAS-officer-UPSC-Civil-services-Career-Guidance.html]
[www.edumilestones.com/career-library/How-to-make-a-career-in-Staff-Selection-Commission-(SSC)-in-India-Career-Guidance.html]
[www.edumilestones.com/career-library/How-to-make-a-career-in-Indian-Economic-Services-(IES)-in-India-Career-Guidance.html]
[www.edumilestones.com/career-library/How-to-become-a-Accessory-Designer-in-India-Career-Guidance.html]
[www.edumilestones.com/career-library/How-to-become-a-Beautician-or-Cosmetologist-in-India-Career-Guidance.html]
[www.edumilestones.com/career-library/How-to-become-a-Fine-Artist-in-India-Career-Guidance.html]
[www.edumilestones.com/career-library/How-to-become-a-Public-relations-officer-in-India-Career-Guidance.html]
[www.edumilestones.com/career-library/How-to-become-a-Project-Manager-in-India-Career-Guidance.html]
[www.edumilestones.com/career-library/How-to-make-a-career-in-Bussiness-Management-IT-in-India-Career-Guidance.html]
[www.edumilestones.com/career-library/How-to-make-a-career-in-Foreign-Trade-in-India-Career-Guidance.html]
[www.edumilestones.com/career-library/How-to-become-a-Wedding-Planner-in-India-Career-Guidance.html]
[www.edumilestones.com/career-library/How-to-become-a-Sports-Physiotherapist-in-India-Career-Guidance.html]
[www.edumilestones.com/career-library/How-to-become-a-IPS-officer-in-India-Career-Guidance.html]
[www.edumilestones.com/career-library/How-to-become-a-Automotive-Engineer-in-India-Career-Guidance.html]
[www.edumilestones.com/career-library/How-to-become-a-Geographer-in-India-Career-Guidance.html]
[www.edumilestones.com/career-library/How-to-make-a-career-in-Liberal-Arts-in-India-Career-Guidance.html]
[www.edumilestones.com/career-library/How-to-become-a-Retail-Manager-in-India-Career-Guidance.html]
[www.edumilestones.com/career-library/How-to-become-a-Visual-merchandiser-in-India-Career-Guidance.html]
[www.edumilestones.com/career-library/How-to-become-a-Sound-Engineer-in-India-Career-Guidance.html]
[www.edumilestones.com/career-library/How-to-make-a-career-in-Fashion-Management-in-India-Career-Guidance-2022-23.html]
[www.edumilestones.com/career-library/Should-I-to-become-a-Image-consultant-in-India-Career-Guidance-2022-23.html]
[www.edumilestones.com/career-library/Should-I-to-become-a-Politician-in-India-Career-Guidance-2022-23.html]
[www.edumilestones.com/career-library/Should-I-to-become-a-You-tuber-in-India-Career-Guidance-2022-23.html]
[www.edumilestones.com/career-library/How-to-become-a-Financial-Data-Analyst-in-India-Career-Guidance.html]
[www.edumilestones.com/career-library/How-to-Become-a-Financial-Risk-Manager-in-India-Career-Guidance.html]
[www.edumilestones.com/chatbot/chatbot.css]
[use.fontawesome.com/releases/v5.8.2/css/all.css]
[www.edumilestones.com/js/animate.html]
[www.edumilestones.com/career-library/schema.org/index.html]
[www.edumilestones.com/signals/iwl.html]
